\BOOKMARK [1][-]{section.1}{\376\377\003\225\003\271\003\303\003\261\003\263\003\311\003\263\003\256\000\040\000-\000\040\003\303\003\272\003\277\003\300\003\314\003\302}{}% 1
\BOOKMARK [1][-]{section.2}{\376\377\003\230\003\265\003\311\003\301\003\257\003\261\000\040\003\265\003\273\003\261\003\303\003\304\003\271\003\272\003\316\003\275}{}% 2
\BOOKMARK [2][-]{subsection.2.1}{\376\377\003\222\003\261\003\303\003\271\003\272\003\256\000\040\003\270\003\265\003\311\003\301\003\257\003\261\000\040\003\265\003\273\003\261\003\303\003\304\003\271\003\272\003\277\003\315}{section.2}% 3
\BOOKMARK [3][-]{subsubsection.2.1.1}{\376\377\003\221\003\275\003\254\003\300\003\304\003\305\003\276\003\267\000\040\003\264\003\305\003\275\003\254\003\274\003\265\003\311\003\275\000\040\003\303\003\304\003\277\000\040\003\265\003\273\003\261\003\303\003\304\003\271\003\272\003\314}{subsection.2.1}% 4
\BOOKMARK [3][-]{subsubsection.2.1.2}{\376\377\003\225\003\300\003\257\003\264\003\301\003\261\003\303\003\267\000\040\003\270\003\265\003\301\003\274\003\277\003\272\003\301\003\261\003\303\003\257\003\261\003\302}{subsection.2.1}% 5
\BOOKMARK [2][-]{subsection.2.2}{\376\377\003\234\003\267\003\307\003\261\003\275\003\271\003\303\003\274\003\277\003\257\000\040\003\300\003\261\003\301\003\261\003\263\003\311\003\263\003\256\003\302\000\040\003\270\003\265\003\301\003\274\003\314\003\304\003\267\003\304\003\261\003\302}{section.2}% 6
\BOOKMARK [2][-]{subsection.2.3}{\376\377\003\234\003\267\003\307\003\261\003\275\003\271\003\303\003\274\003\277\003\257\000\040\003\261\003\300\003\261\003\263\003\311\003\263\003\256\003\302\000\040\003\270\003\265\003\301\003\274\003\314\003\304\003\267\003\304\003\261\003\302}{section.2}% 7
\BOOKMARK [3][-]{subsubsection.2.3.1}{\376\377\003\244\003\301\003\271\003\262\003\277\003\273\003\277\003\263\003\271\003\272\003\256\000\040\003\306\003\270\003\277\003\301\003\254\000\040\000\050\000A\000b\000r\000a\000s\000i\000o\000n\000\051}{subsection.2.3}% 8
\BOOKMARK [3][-]{subsubsection.2.3.2}{\376\377\003\232\003\314\003\272\003\272\003\277\003\271\000\040\000\050\000G\000r\000a\000i\000n\000i\000n\000g\000\051}{subsection.2.3}% 9
\BOOKMARK [3][-]{subsubsection.2.3.3}{\376\377\003\246\003\277\003\305\003\303\003\272\003\254\003\273\003\265\003\302\000\040\000\050\000B\000l\000i\000s\000t\000e\000r\000i\000n\000g\000\051}{subsection.2.3}% 10
\BOOKMARK [3][-]{subsubsection.2.3.4}{\376\377\003\243\003\305\003\275\003\264\003\305\003\261\003\303\003\274\003\255\003\275\003\277\000\040\003\274\003\277\003\275\003\304\003\255\003\273\003\277\000\040\003\306\003\270\003\277\003\301\003\254\003\302}{subsection.2.3}% 11
\BOOKMARK [1][-]{section.3}{\376\377\003\234\003\261\003\270\003\267\003\274\003\261\003\304\003\271\003\272\003\256\000\040\000\046\000\040\003\270\003\265\003\301\003\274\003\277\003\264\003\305\003\275\003\261\003\274\003\271\003\272\003\256\000\040\003\274\003\277\003\275\003\304\003\255\003\273\003\277\003\300\003\277\003\257\003\267\003\303\003\267\000\040\003\265\003\273\003\261\003\303\003\304\003\271\003\272\003\316\003\275}{}% 12
\BOOKMARK [2][-]{subsection.3.1}{\376\377\003\243\003\305\003\275\003\264\003\305\003\261\003\303\003\304\003\271\003\272\003\314\000\040\003\274\003\277\003\275\003\304\003\255\003\273\003\277\000\040\003\300\003\301\003\314\003\303\003\306\003\305\003\303\003\267\003\302}{section.3}% 13
\BOOKMARK [3][-]{subsubsection.3.1.1}{\376\377\003\234\003\265\003\263\003\255\003\270\003\267\000\040\003\277\003\273\003\257\003\303\003\270\003\267\003\303\003\267\003\302}{subsection.3.1}% 14
\BOOKMARK [3][-]{subsubsection.3.1.2}{\376\377\003\234\003\277\003\275\003\304\003\255\003\273\003\277\000\040\000P\000a\000c\000e\000j\000k\000a\000\040\040\023\000\040\000C\000o\000m\000b\000i\000n\000e\000d\000\040\000S\000l\000i\000p}{subsection.3.1}% 15
\BOOKMARK [1][-]{section.4}{\376\377\003\225\003\224\003\251\000\040\003\225\003\247\003\251\000\040\003\234\003\225\003\231\003\235\003\225\003\231}{}% 16
\BOOKMARK [2][-]{subsection.4.1}{\376\377\003\230\003\265\003\301\003\274\003\271\003\272\003\314\000\040\003\274\003\277\003\275\003\304\003\255\003\273\003\277\000\040\003\265\003\273\003\261\003\303\003\304\003\271\003\272\003\277\003\315}{section.4}% 17
\BOOKMARK [3][-]{subsubsection.4.1.1}{\376\377\003\240\003\261\003\301\003\254\003\274\003\265\003\304\003\301\003\277\003\271\000\040\003\274\003\277\003\275\003\304\003\255\003\273\003\277\003\305}{subsection.4.1}% 18
\BOOKMARK [3][-]{subsubsection.4.1.2}{\376\377\003\225\003\276\003\257\003\303\003\311\003\303\003\267\000\040\003\272\003\261\003\304\003\254\003\303\003\304\003\261\003\303\003\267\003\302}{subsection.4.1}% 19
\BOOKMARK [3][-]{subsubsection.4.1.3}{\376\377\003\234\003\265\003\304\003\261\003\304\003\301\003\277\003\300\003\256\000\040\003\303\003\265\000\040\003\307\003\311\003\301\003\271\003\272\003\256\000\040\003\261\003\275\003\265\003\276\003\254\003\301\003\304\003\267\003\304\003\267\000\040\003\274\003\265\003\304\003\261\003\262\003\273\003\267\003\304\003\256}{subsection.4.1}% 20
\BOOKMARK [3][-]{subsubsection.4.1.4}{\376\377\003\221\003\301\003\271\003\270\003\274\003\267\003\304\003\271\003\272\003\256\000\040\003\277\003\273\003\277\003\272\003\273\003\256\003\301\003\311\003\303\003\267\000\040\000R\000K\0004}{subsection.4.1}% 21
\BOOKMARK [3][-]{subsubsection.4.1.5}{\376\377\003\221\003\301\003\307\003\271\003\272\003\255\003\302\000\040\003\303\003\305\003\275\003\270\003\256\003\272\003\265\003\302\000\040\003\272\003\261\003\271\000\040\003\300\003\265\003\301\003\271\003\277\003\301\003\271\003\303\003\274\003\277\003\257}{subsection.4.1}% 22
\BOOKMARK [2][-]{subsection.4.2}{\376\377\003\234\003\277\003\275\003\304\003\265\003\273\003\277\003\300\003\277\003\257\003\267\003\303\003\267\000\040\003\306\003\270\003\277\003\301\003\254\003\302}{section.4}% 23
\BOOKMARK [2][-]{subsection.4.3}{\376\377\003\225\003\275\003\303\003\311\003\274\003\254\003\304\003\311\003\303\003\267\000\040\003\306\003\270\003\277\003\301\003\254\003\302\000\040\003\272\003\261\003\271\000\040\003\270\003\265\003\301\003\274\003\277\003\272\003\301\003\261\003\303\003\257\003\261\003\302\000\040\003\303\003\304\003\277\000\040\003\274\003\277\003\275\003\304\003\255\003\273\003\277\000\040\003\265\003\273\003\261\003\303\003\304\003\271\003\272\003\277\003\315}{section.4}% 24
\BOOKMARK [1][-]{section.5}{\376\377\003\234\003\277\003\275\003\304\003\255\003\273\003\277\000\040\003\237\003\307\003\256\003\274\003\261\003\304\003\277\003\302}{}% 25
\BOOKMARK [2][-]{subsection.5.1}{\376\377\003\243\003\305\003\303\003\304\003\256\003\274\003\261\003\304\003\261\000\040\003\303\003\305\003\275\003\304\003\265\003\304\003\261\003\263\003\274\003\255\003\275\003\311\003\275}{section.5}% 26
\BOOKMARK [2][-]{subsection.5.2}{\376\377\003\232\003\261\003\304\003\261\003\275\003\277\003\274\003\256\000\040\003\272\003\261\003\304\003\261\003\272\003\314\003\301\003\305\003\306\003\311\003\275\000\040\003\306\003\277\003\301\003\304\003\257\003\311\003\275\000\040\040\023\000\040\003\234\003\265\003\304\003\261\003\306\003\277\003\301\003\254\000\040\003\306\003\277\003\301\003\304\003\257\003\277\003\305}{section.5}% 27
\BOOKMARK [2][-]{subsection.5.3}{\376\377\003\225\003\300\003\257\003\273\003\305\003\303\003\267\000\040\003\272\003\261\003\304\003\254\003\303\003\304\003\261\003\303\003\267\003\302\000\040\003\277\003\307\003\256\003\274\003\261\003\304\003\277\003\302}{section.5}% 28
\BOOKMARK [1][-]{section.6}{\376\377\003\225\003\275\003\303\003\311\003\274\003\254\003\304\003\311\003\303\003\267\000\040\003\274\003\277\003\275\003\304\003\255\003\273\003\277\003\305\000\040\003\265\003\273\003\261\003\303\003\304\003\271\003\272\003\316\003\275\000\040\003\303\003\265\000\040\003\300\003\301\003\277\003\303\003\277\003\274\003\277\003\271\003\311\003\304\003\256\000\040\003\263\003\315\003\301\003\277\003\305}{}% 29
\BOOKMARK [2][-]{subsection.6.1}{\376\377\003\240\003\301\003\277\003\303\003\255\003\263\003\263\003\271\003\303\003\267\000\040\003\274\003\265\003\263\003\265\003\270\003\316\003\275\000\040\003\277\003\273\003\257\003\303\003\270\003\267\003\303\003\267\003\302\000\040\003\261\003\300\003\277\000\040\003\307\003\301\003\277\003\275\003\277\003\303\003\265\003\271\003\301\003\254\000\040\003\277\003\307\003\256\003\274\003\261\003\304\003\277\003\302}{section.6}% 30
\BOOKMARK [3][-]{subsubsection.6.1.1}{\376\377\003\232\003\271\003\275\003\267\003\274\003\261\003\304\003\271\003\272\003\256\000\040\003\300\003\301\003\277\003\265\003\300\003\265\003\276\003\265\003\301\003\263\003\261\003\303\003\257\003\261}{subsection.6.1}% 31
\BOOKMARK [3][-]{subsubsection.6.1.2}{\376\377\003\225\003\300\003\257\003\273\003\305\003\303\003\267\000\040\0002\000-\000D\000O\000F}{subsection.6.1}% 32
\BOOKMARK [2][-]{subsection.6.2}{\376\377\003\240\003\301\003\277\003\303\003\264\003\271\003\277\003\301\003\271\003\303\003\274\003\314\003\302\000\040\003\300\003\261\003\301\003\261\003\274\003\255\003\304\003\301\003\311\003\275\000\040\003\274\003\277\003\275\003\304\003\255\003\273\003\277\003\305\000\040\003\261\003\300\003\277\000\040\003\300\003\265\003\271\003\301\003\261\003\274\003\261\003\304\003\271\003\272\003\254\000\040\003\264\003\265\003\264\003\277\003\274\003\255\003\275\003\261}{section.6}% 33
\BOOKMARK [3][-]{subsubsection.6.2.1}{\376\377\003\224\003\271\003\261\003\304\003\315\003\300\003\311\003\303\003\267\000\040\003\304\003\277\003\305\000\040\003\300\003\301\003\277\003\262\003\273\003\256\003\274\003\261\003\304\003\277\003\302}{subsection.6.2}% 34
\BOOKMARK [3][-]{subsubsection.6.2.2}{\376\377\003\225\003\305\003\261\003\271\003\303\003\270\003\267\003\303\003\257\003\261\000\040\003\272\003\261\003\271\000\040\003\261\003\275\003\261\003\263\003\275\003\311\003\301\003\271\003\303\003\271\003\274\003\314\003\304\003\267\003\304\003\261}{subsection.6.2}% 35
\BOOKMARK [3][-]{subsubsection.6.2.3}{\376\377\003\221\003\301\003\307\003\271\003\272\003\255\003\302\000\040\003\304\003\271\003\274\003\255\003\302\000\040\003\272\003\261\003\271\000\040\000b\000o\000u\000n\000d\000s}{subsection.6.2}% 36
\BOOKMARK [2][-]{subsection.6.3}{\376\377\003\224\003\267\003\274\003\271\003\277\003\305\003\301\003\263\003\257\003\261\000\040\003\264\003\271\003\261\003\263\003\301\003\254\003\274\003\274\003\261\003\304\003\277\003\302\000\040\003\265\003\300\003\271\003\264\003\314\003\303\003\265\003\311\003\275\000\040\000-\000\040\003\264\003\271\003\254\003\263\003\301\003\261\003\274\003\274\003\261\000\040\000G\000G\000V}{section.6}% 37
\BOOKMARK [3][-]{subsubsection.6.3.1}{\376\377\003\224\003\277\003\274\003\256\000\040\003\304\003\277\003\305\000\040\003\264\003\271\003\261\003\263\003\301\003\254\003\274\003\274\003\261\003\304\003\277\003\302}{subsection.6.3}% 38
\BOOKMARK [3][-]{subsubsection.6.3.2}{\376\377\003\221\003\273\003\263\003\314\003\301\003\271\003\270\003\274\003\277\003\302\000\040\003\264\003\305\003\261\003\264\003\271\003\272\003\256\003\302\000\040\003\261\003\275\003\261\003\266\003\256\003\304\003\267\003\303\003\267\003\302}{subsection.6.3}% 39
\BOOKMARK [3][-]{subsubsection.6.3.3}{\376\377\003\230\003\265\003\301\003\274\003\277\003\272\003\301\003\261\003\303\003\271\003\261\003\272\003\256\000\040\003\300\003\261\003\301\003\254\003\274\003\265\003\304\003\301\003\277\003\302}{subsection.6.3}% 40
\BOOKMARK [2][-]{subsection.6.4}{\376\377\003\225\003\275\003\303\003\311\003\274\003\254\003\304\003\311\003\303\003\267\000\040\003\274\003\265\000\040\003\300\003\301\003\277\003\303\003\277\003\274\003\277\003\271\003\311\003\304\003\256\000\040\003\263\003\315\003\301\003\277\003\305\000\040\000-\000\040\000o\000p\000e\000n\000L\000A\000P}{section.6}% 41
\BOOKMARK [1][-]{section.7}{\376\377\003\221\003\300\003\277\003\304\003\265\003\273\003\255\003\303\003\274\003\261\003\304\003\261}{}% 42
\BOOKMARK [2][-]{subsection.7.1}{\376\377\003\225\003\272\003\304\003\257\003\274\003\267\003\303\003\267\000\040\003\274\003\265\003\263\003\265\003\270\003\316\003\275\000\040\003\277\003\273\003\257\003\303\003\270\003\267\003\303\003\267\003\302}{section.7}% 43
\BOOKMARK [2][-]{subsection.7.2}{\376\377\003\230\003\265\003\301\003\274\003\271\003\272\003\256\000\040\003\265\003\276\003\255\003\273\003\271\003\276\003\267\000\040\003\265\003\273\003\261\003\303\003\304\003\271\003\272\003\316\003\275}{section.7}% 44
\BOOKMARK [2][-]{subsection.7.3}{\376\377\003\246\003\270\003\277\003\301\003\254\000\040\003\265\003\273\003\261\003\303\003\304\003\271\003\272\003\316\003\275}{section.7}% 45
\BOOKMARK [2][-]{subsection.7.4}{\376\377\003\243\003\315\003\263\003\272\003\301\003\271\003\303\003\267\000\040\003\303\003\265\003\275\003\261\003\301\003\257\003\311\003\275\000\040\000/\000\040\003\300\003\261\003\301\003\261\003\274\003\265\003\304\003\301\003\271\003\272\003\256\000\040\003\261\003\275\003\254\003\273\003\305\003\303\003\267}{section.7}% 46
\BOOKMARK [2][-]{subsection.7.5}{\376\377\003\225\003\276\003\255\003\273\003\271\003\276\003\267\000\040\003\270\003\265\003\301\003\274\003\277\003\272\003\301\003\261\003\303\003\257\003\261\003\302\000\040\000\046\000\040\003\306\003\270\003\277\003\301\003\254\003\302\000\040\003\303\003\265\000\040\003\261\003\263\003\316\003\275\003\261}{section.7}% 47
\BOOKMARK [1][-]{section.8}{\376\377\003\243\003\305\003\274\003\300\003\265\003\301\003\254\003\303\003\274\003\261\003\304\003\261\000\040\000-\000\040\003\262\003\265\003\273\003\304\003\271\003\316\003\303\003\265\003\271\003\302}{}% 48
\BOOKMARK [2][-]{subsection.8.1}{\376\377\003\232\003\315\003\301\003\271\003\261\000\040\003\303\003\305\003\274\003\300\003\265\003\301\003\254\003\303\003\274\003\261\003\304\003\261}{section.8}% 49
\BOOKMARK [2][-]{subsection.8.2}{\376\377\003\240\003\265\003\301\003\271\003\277\003\301\003\271\003\303\003\274\003\277\003\257\000\040\003\304\003\267\003\302\000\040\003\304\003\301\003\255\003\307\003\277\003\305\003\303\003\261\003\302\000\040\003\305\003\273\003\277\003\300\003\277\003\257\003\267\003\303\003\267\003\302}{section.8}% 50
\BOOKMARK [2][-]{subsection.8.3}{\376\377\003\240\003\301\003\277\003\304\003\254\003\303\003\265\003\271\003\302\000\040\003\263\003\271\003\261\000\040\003\274\003\265\003\273\003\273\003\277\003\275\003\304\003\271\003\272\003\256\000\040\003\255\003\301\003\265\003\305\003\275\003\261}{section.8}% 51
