\BOOKMARK [1][-]{section*.3}{\376\377\003\225\003\271\003\303\003\261\003\263\003\311\003\263\003\256\000\040\000-\000\040\003\303\003\272\003\277\003\300\003\314\003\302}{}% 1
\BOOKMARK [1][-]{section.1}{\376\377\003\230\003\265\003\311\003\301\003\257\003\261\000\040\003\265\003\273\003\261\003\303\003\304\003\271\003\272\003\316\003\275}{}% 2
\BOOKMARK [2][-]{subsection.1.1}{\376\377\003\222\003\261\003\303\003\271\003\272\003\256\000\040\003\270\003\265\003\311\003\301\003\257\003\261\000\040\003\265\003\273\003\261\003\303\003\304\003\271\003\272\003\277\003\315}{section.1}% 3
\BOOKMARK [3][-]{subsubsection.1.1.1}{\376\377\003\221\003\275\003\254\003\300\003\304\003\305\003\276\003\267\000\040\003\264\003\305\003\275\003\254\003\274\003\265\003\311\003\275\000\040\003\303\003\304\003\277\000\040\003\265\003\273\003\261\003\303\003\304\003\271\003\272\003\314}{subsection.1.1}% 4
\BOOKMARK [3][-]{subsubsection.1.1.2}{\376\377\003\225\003\300\003\257\003\264\003\301\003\261\003\303\003\267\000\040\003\270\003\265\003\301\003\274\003\277\003\272\003\301\003\261\003\303\003\257\003\261\003\302}{subsection.1.1}% 5
\BOOKMARK [2][-]{subsection.1.2}{\376\377\003\234\003\267\003\307\003\261\003\275\003\271\003\303\003\274\003\277\003\257\000\040\003\300\003\261\003\301\003\261\003\263\003\311\003\263\003\256\003\302\000\040\003\270\003\265\003\301\003\274\003\314\003\304\003\267\003\304\003\261\003\302}{section.1}% 6
\BOOKMARK [2][-]{subsection.1.3}{\376\377\003\234\003\267\003\307\003\261\003\275\003\271\003\303\003\274\003\277\003\257\000\040\003\261\003\300\003\261\003\263\003\311\003\263\003\256\003\302\000\040\003\270\003\265\003\301\003\274\003\314\003\304\003\267\003\304\003\261\003\302}{section.1}% 7
\BOOKMARK [2][-]{subsection.1.4}{\376\377\003\234\003\267\003\307\003\261\003\275\003\271\003\303\003\274\003\277\003\257\000\040\003\306\003\270\003\277\003\301\003\254\003\302}{section.1}% 8
\BOOKMARK [3][-]{subsubsection.1.4.1}{\376\377\003\232\003\261\003\304\003\267\003\263\003\277\003\301\003\271\003\277\003\300\003\277\003\257\003\267\003\303\003\267\000\040\003\274\003\267\003\307\003\261\003\275\003\271\003\303\003\274\003\316\003\275\000\040\003\306\003\270\003\277\003\301\003\254\003\302}{subsection.1.4}% 9
\BOOKMARK [3][-]{subsubsection.1.4.2}{\376\377\003\227\000\040\003\270\003\265\003\311\003\301\003\257\003\261\000\040\003\304\003\311\003\275\000\040\003\264\003\315\003\277\000\040\003\274\003\267\003\307\003\261\003\275\003\271\003\303\003\274\003\316\003\275\000\040\003\304\003\301\003\271\003\262\003\256\003\302\000\040\003\265\003\273\003\261\003\303\003\304\003\277\003\274\003\265\003\301\003\277\003\315\003\302}{subsection.1.4}% 10
\BOOKMARK [3][-]{subsubsection.1.4.3}{\376\377\003\234\003\261\003\272\003\301\003\277\003\303\003\272\003\277\003\300\003\271\003\272\003\254\000\040\003\306\003\261\003\271\003\275\003\314\003\274\003\265\003\275\003\261\000:\000\040\003\303\003\307\003\267\003\274\003\261\003\304\003\271\003\303\003\274\003\314\003\302\000\040\003\272\003\314\003\272\003\272\003\311\003\275\000\040\000\050\000g\000r\000a\000i\000n\000i\000n\000g\000\051\000\040\003\272\003\261\003\271\000\040\003\306\003\305\003\303\003\261\003\273\003\257\003\264\003\311\003\275\000\040\000\050\000b\000l\000i\000s\000t\000e\000r\000i\000n\000g\000\051}{subsection.1.4}% 11
\BOOKMARK [3][-]{subsubsection.1.4.4}{\376\377\003\225\003\300\003\257\003\264\003\301\003\261\003\303\003\267\000\040\003\272\003\261\003\304\003\261\003\272\003\314\003\301\003\305\003\306\003\277\003\305\000\040\003\306\003\277\003\301\003\304\003\257\003\277\003\305\000,\000\040\003\300\003\257\003\265\003\303\003\267\003\302\000\040\003\272\003\261\003\271\000\040\003\263\003\265\003\311\003\274\003\265\003\304\003\301\003\257\003\261\003\302\000\040\003\261\003\275\003\254\003\301\003\304\003\267\003\303\003\267\003\302}{subsection.1.4}% 12
\BOOKMARK [3][-]{subsubsection.1.4.5}{\376\377\003\243\003\307\003\255\003\303\003\267\000\040\003\306\003\270\003\277\003\301\003\254\003\302\000\040\003\272\003\261\003\271\000\040\003\300\003\301\003\314\003\303\003\306\003\305\003\303\003\267\003\302}{subsection.1.4}% 13
\BOOKMARK [1][-]{section.2}{\376\377\003\234\003\261\003\270\003\267\003\274\003\261\003\304\003\271\003\272\003\256\000\040\000\046\000\040\003\270\003\265\003\301\003\274\003\277\003\264\003\305\003\275\003\261\003\274\003\271\003\272\003\256\000\040\003\274\003\277\003\275\003\304\003\255\003\273\003\277\003\300\003\277\003\257\003\267\003\303\003\267\000\040\003\265\003\273\003\261\003\303\003\304\003\271\003\272\003\316\003\275}{}% 14
\BOOKMARK [2][-]{subsection.2.1}{\376\377\003\243\003\305\003\275\003\264\003\305\003\261\003\303\003\304\003\271\003\272\003\314\000\040\003\274\003\277\003\275\003\304\003\255\003\273\003\277\000\040\003\300\003\301\003\314\003\303\003\306\003\305\003\303\003\267\003\302}{section.2}% 15
\BOOKMARK [3][-]{subsubsection.2.1.1}{\376\377\003\234\003\265\003\263\003\255\003\270\003\267\000\040\003\277\003\273\003\257\003\303\003\270\003\267\003\303\003\267\003\302}{subsection.2.1}% 16
\BOOKMARK [3][-]{subsubsection.2.1.2}{\376\377\003\234\003\277\003\275\003\304\003\255\003\273\003\277\000\040\000P\000a\000c\000e\000j\000k\000a\000\040\040\023\000\040\000C\000o\000m\000b\000i\000n\000e\000d\000\040\000S\000l\000i\000p}{subsection.2.1}% 17
\BOOKMARK [2][-]{subsection.2.2}{\376\377\003\230\003\265\003\301\003\274\003\271\003\272\003\314\000\040\003\274\003\277\003\275\003\304\003\255\003\273\003\277\000\040\003\265\003\273\003\261\003\303\003\304\003\271\003\272\003\277\003\315}{section.2}% 18
\BOOKMARK [3][-]{subsubsection.2.2.1}{\376\377\003\240\003\261\003\301\003\254\003\274\003\265\003\304\003\301\003\277\003\271\000\040\003\274\003\277\003\275\003\304\003\255\003\273\003\277\003\305}{subsection.2.2}% 19
\BOOKMARK [3][-]{subsubsection.2.2.2}{\376\377\003\225\003\276\003\257\003\303\003\311\003\303\003\267\000\040\003\272\003\261\003\304\003\254\003\303\003\304\003\261\003\303\003\267\003\302}{subsection.2.2}% 20
\BOOKMARK [3][-]{subsubsection.2.2.3}{\376\377\003\234\003\265\003\304\003\261\003\304\003\301\003\277\003\300\003\256\000\040\003\303\003\265\000\040\003\307\003\311\003\301\003\271\003\272\003\256\000\040\003\261\003\275\003\265\003\276\003\254\003\301\003\304\003\267\003\304\003\267\000\040\003\274\003\265\003\304\003\261\003\262\003\273\003\267\003\304\003\256}{subsection.2.2}% 21
\BOOKMARK [3][-]{subsubsection.2.2.4}{\376\377\003\221\003\301\003\271\003\270\003\274\003\267\003\304\003\271\003\272\003\256\000\040\003\277\003\273\003\277\003\272\003\273\003\256\003\301\003\311\003\303\003\267\000\040\000R\000K\0004}{subsection.2.2}% 22
\BOOKMARK [3][-]{subsubsection.2.2.5}{\376\377\003\221\003\301\003\307\003\271\003\272\003\255\003\302\000\040\003\303\003\305\003\275\003\270\003\256\003\272\003\265\003\302\000\040\003\272\003\261\003\271\000\040\003\300\003\265\003\301\003\271\003\277\003\301\003\271\003\303\003\274\003\277\003\257}{subsection.2.2}% 23
\BOOKMARK [2][-]{subsection.2.3}{\376\377\003\234\003\277\003\275\003\304\003\265\003\273\003\277\003\300\003\277\003\257\003\267\003\303\003\267\000\040\003\306\003\270\003\277\003\301\003\254\003\302}{section.2}% 24
\BOOKMARK [3][-]{subsubsection.2.3.1}{\376\377\003\241\003\305\003\270\003\274\003\314\003\302\000\040\003\304\003\301\003\271\003\262\003\277\003\273\003\277\003\263\003\271\003\272\003\256\003\302\000\040\003\306\003\270\003\277\003\301\003\254\003\302}{subsection.2.3}% 25
\BOOKMARK [3][-]{subsubsection.2.3.2}{\376\377\003\241\003\305\003\270\003\274\003\314\003\302\000\040\000g\000r\000a\000i\000n\000i\000n\000g}{subsection.2.3}% 26
\BOOKMARK [3][-]{subsubsection.2.3.3}{\376\377\003\241\003\305\003\270\003\274\003\314\003\302\000\040\000b\000l\000i\000s\000t\000e\000r\000i\000n\000g}{subsection.2.3}% 27
\BOOKMARK [3][-]{subsubsection.2.3.4}{\376\377\003\243\003\305\003\275\003\277\003\273\003\271\003\272\003\314\003\302\000\040\003\301\003\305\003\270\003\274\003\314\003\302\000\040\003\306\003\270\003\277\003\301\003\254\003\302}{subsection.2.3}% 28
\BOOKMARK [3][-]{subsubsection.2.3.5}{\376\377\003\237\003\273\003\277\003\272\003\273\003\256\003\301\003\311\003\303\003\267\000\040\003\303\003\265\000\040\003\303\003\305\003\303\003\303\003\311\003\301\003\265\003\305\003\274\003\255\003\275\003\267\000\040\003\306\003\270\003\277\003\301\003\254}{subsection.2.3}% 29
\BOOKMARK [2][-]{subsection.2.4}{\376\377\003\243\003\305\003\263\003\272\003\265\003\275\003\304\003\301\003\311\003\304\003\271\003\272\003\277\003\257\000\040\003\300\003\257\003\275\003\261\003\272\003\265\003\302\000\040\003\300\003\261\003\301\003\261\003\274\003\255\003\304\003\301\003\311\003\275}{section.2}% 30
\BOOKMARK [1][-]{section.3}{\376\377\003\234\003\277\003\275\003\304\003\255\003\273\003\277\000\040\003\237\003\307\003\256\003\274\003\261\003\304\003\277\003\302}{}% 31
\BOOKMARK [2][-]{subsection.3.1}{\376\377\003\243\003\305\003\303\003\304\003\256\003\274\003\261\003\304\003\261\000\040\003\303\003\305\003\275\003\304\003\265\003\304\003\261\003\263\003\274\003\255\003\275\003\311\003\275}{section.3}% 32
\BOOKMARK [2][-]{subsection.3.2}{\376\377\003\232\003\261\003\304\003\261\003\275\003\277\003\274\003\256\000\040\003\272\003\261\003\304\003\261\003\272\003\314\003\301\003\305\003\306\003\311\003\275\000\040\003\306\003\277\003\301\003\304\003\257\003\311\003\275\000\040\040\023\000\040\003\234\003\265\003\304\003\261\003\306\003\277\003\301\003\254\000\040\003\306\003\277\003\301\003\304\003\257\003\277\003\305}{section.3}% 33
\BOOKMARK [2][-]{subsection.3.3}{\376\377\003\225\003\300\003\257\003\273\003\305\003\303\003\267\000\040\003\272\003\261\003\304\003\254\003\303\003\304\003\261\003\303\003\267\003\302\000\040\003\277\003\307\003\256\003\274\003\261\003\304\003\277\003\302}{section.3}% 34
\BOOKMARK [1][-]{section.4}{\376\377\003\225\003\275\003\303\003\311\003\274\003\254\003\304\003\311\003\303\003\267\000\040\003\274\003\277\003\275\003\304\003\255\003\273\003\277\003\305\000\040\003\265\003\273\003\261\003\303\003\304\003\271\003\272\003\316\003\275\000\040\003\303\003\265\000\040\003\300\003\301\003\277\003\303\003\277\003\274\003\277\003\271\003\311\003\304\003\256\000\040\003\263\003\315\003\301\003\277\003\305}{}% 35
\BOOKMARK [2][-]{subsection.4.1}{\376\377\003\240\003\301\003\277\003\303\003\255\003\263\003\263\003\271\003\303\003\267\000\040\003\274\003\265\003\263\003\265\003\270\003\316\003\275\000\040\003\277\003\273\003\257\003\303\003\270\003\267\003\303\003\267\003\302\000\040\003\261\003\300\003\277\000\040\003\307\003\301\003\277\003\275\003\277\003\303\003\265\003\271\003\301\003\254\000\040\003\277\003\307\003\256\003\274\003\261\003\304\003\277\003\302}{section.4}% 36
\BOOKMARK [3][-]{subsubsection.4.1.1}{\376\377\003\232\003\271\003\275\003\267\003\274\003\261\003\304\003\271\003\272\003\256\000\040\003\300\003\301\003\277\003\265\003\300\003\265\003\276\003\265\003\301\003\263\003\261\003\303\003\257\003\261}{subsection.4.1}% 37
\BOOKMARK [3][-]{subsubsection.4.1.2}{\376\377\003\225\003\300\003\257\003\273\003\305\003\303\003\267\000\040\0002\000-\000D\000O\000F}{subsection.4.1}% 38
\BOOKMARK [2][-]{subsection.4.2}{\376\377\003\240\003\301\003\277\003\303\003\264\003\271\003\277\003\301\003\271\003\303\003\274\003\314\003\302\000\040\003\300\003\261\003\301\003\261\003\274\003\255\003\304\003\301\003\311\003\275\000\040\003\274\003\277\003\275\003\304\003\255\003\273\003\277\003\305\000\040\003\261\003\300\003\277\000\040\003\300\003\265\003\271\003\301\003\261\003\274\003\261\003\304\003\271\003\272\003\254\000\040\003\264\003\265\003\264\003\277\003\274\003\255\003\275\003\261}{section.4}% 39
\BOOKMARK [3][-]{subsubsection.4.2.1}{\376\377\003\224\003\271\003\261\003\304\003\315\003\300\003\311\003\303\003\267\000\040\003\304\003\277\003\305\000\040\003\300\003\301\003\277\003\262\003\273\003\256\003\274\003\261\003\304\003\277\003\302}{subsection.4.2}% 40
\BOOKMARK [3][-]{subsubsection.4.2.2}{\376\377\003\225\003\305\003\261\003\271\003\303\003\270\003\267\003\303\003\257\003\261\000\040\003\272\003\261\003\271\000\040\003\261\003\275\003\261\003\263\003\275\003\311\003\301\003\271\003\303\003\271\003\274\003\314\003\304\003\267\003\304\003\261}{subsection.4.2}% 41
\BOOKMARK [3][-]{subsubsection.4.2.3}{\376\377\003\221\003\301\003\307\003\271\003\272\003\255\003\302\000\040\003\304\003\271\003\274\003\255\003\302\000\040\003\272\003\261\003\271\000\040\000b\000o\000u\000n\000d\000s}{subsection.4.2}% 42
\BOOKMARK [2][-]{subsection.4.3}{\376\377\003\224\003\267\003\274\003\271\003\277\003\305\003\301\003\263\003\257\003\261\000\040\003\264\003\271\003\261\003\263\003\301\003\254\003\274\003\274\003\261\003\304\003\277\003\302\000\040\003\265\003\300\003\271\003\264\003\314\003\303\003\265\003\311\003\275\000\040\000-\000\040\003\264\003\271\003\254\003\263\003\301\003\261\003\274\003\274\003\261\000\040\000G\000G\000V}{section.4}% 43
\BOOKMARK [3][-]{subsubsection.4.3.1}{\376\377\003\224\003\277\003\274\003\256\000\040\003\304\003\277\003\305\000\040\003\264\003\271\003\261\003\263\003\301\003\254\003\274\003\274\003\261\003\304\003\277\003\302}{subsection.4.3}% 44
\BOOKMARK [3][-]{subsubsection.4.3.2}{\376\377\003\221\003\273\003\263\003\314\003\301\003\271\003\270\003\274\003\277\003\302\000\040\003\264\003\305\003\261\003\264\003\271\003\272\003\256\003\302\000\040\003\261\003\275\003\261\003\266\003\256\003\304\003\267\003\303\003\267\003\302}{subsection.4.3}% 45
\BOOKMARK [3][-]{subsubsection.4.3.3}{\376\377\003\230\003\265\003\301\003\274\003\277\003\272\003\301\003\261\003\303\003\271\003\261\003\272\003\256\000\040\003\300\003\261\003\301\003\254\003\274\003\265\003\304\003\301\003\277\003\302}{subsection.4.3}% 46
\BOOKMARK [2][-]{subsection.4.4}{\376\377\003\225\003\275\003\303\003\311\003\274\003\254\003\304\003\311\003\303\003\267\000\040\003\274\003\265\000\040\003\300\003\301\003\277\003\303\003\277\003\274\003\277\003\271\003\311\003\304\003\256\000\040\003\263\003\315\003\301\003\277\003\305\000\040\000-\000\040\000o\000p\000e\000n\000L\000A\000P}{section.4}% 47
\BOOKMARK [1][-]{section.5}{\376\377\003\221\003\300\003\277\003\304\003\265\003\273\003\255\003\303\003\274\003\261\003\304\003\261}{}% 48
\BOOKMARK [2][-]{subsection.5.1}{\376\377\003\225\003\272\003\304\003\257\003\274\003\267\003\303\003\267\000\040\003\274\003\265\003\263\003\265\003\270\003\316\003\275\000\040\003\277\003\273\003\257\003\303\003\270\003\267\003\303\003\267\003\302}{section.5}% 49
\BOOKMARK [2][-]{subsection.5.2}{\376\377\003\230\003\265\003\301\003\274\003\271\003\272\003\256\000\040\003\265\003\276\003\255\003\273\003\271\003\276\003\267\000\040\003\265\003\273\003\261\003\303\003\304\003\271\003\272\003\316\003\275}{section.5}% 50
\BOOKMARK [2][-]{subsection.5.3}{\376\377\003\246\003\270\003\277\003\301\003\254\000\040\003\265\003\273\003\261\003\303\003\304\003\271\003\272\003\316\003\275}{section.5}% 51
\BOOKMARK [2][-]{subsection.5.4}{\376\377\003\243\003\315\003\263\003\272\003\301\003\271\003\303\003\267\000\040\003\303\003\265\003\275\003\261\003\301\003\257\003\311\003\275\000\040\000/\000\040\003\300\003\261\003\301\003\261\003\274\003\265\003\304\003\301\003\271\003\272\003\256\000\040\003\261\003\275\003\254\003\273\003\305\003\303\003\267}{section.5}% 52
\BOOKMARK [2][-]{subsection.5.5}{\376\377\003\225\003\276\003\255\003\273\003\271\003\276\003\267\000\040\003\270\003\265\003\301\003\274\003\277\003\272\003\301\003\261\003\303\003\257\003\261\003\302\000\040\000\046\000\040\003\306\003\270\003\277\003\301\003\254\003\302\000\040\003\303\003\265\000\040\003\261\003\263\003\316\003\275\003\261}{section.5}% 53
\BOOKMARK [1][-]{section.6}{\376\377\003\243\003\305\003\274\003\300\003\265\003\301\003\254\003\303\003\274\003\261\003\304\003\261\000\040\000-\000\040\003\262\003\265\003\273\003\304\003\271\003\316\003\303\003\265\003\271\003\302}{}% 54
\BOOKMARK [2][-]{subsection.6.1}{\376\377\003\232\003\315\003\301\003\271\003\261\000\040\003\303\003\305\003\274\003\300\003\265\003\301\003\254\003\303\003\274\003\261\003\304\003\261}{section.6}% 55
\BOOKMARK [2][-]{subsection.6.2}{\376\377\003\240\003\265\003\301\003\271\003\277\003\301\003\271\003\303\003\274\003\277\003\257\000\040\003\304\003\267\003\302\000\040\003\304\003\301\003\255\003\307\003\277\003\305\003\303\003\261\003\302\000\040\003\305\003\273\003\277\003\300\003\277\003\257\003\267\003\303\003\267\003\302}{section.6}% 56
\BOOKMARK [2][-]{subsection.6.3}{\376\377\003\240\003\301\003\277\003\304\003\254\003\303\003\265\003\271\003\302\000\040\003\263\003\271\003\261\000\040\003\274\003\265\003\273\003\273\003\277\003\275\003\304\003\271\003\272\003\256\000\040\003\255\003\301\003\265\003\305\003\275\003\261}{section.6}% 57
